Running loop/011
Found 1 error(s) in dmesg
Test complete
