Running nvme/039
 Read(0x2) @ LBA 0, 1 blocks, Unrecovered Read Error (sct 0x2 / sc 0x81) DNR 
 Read(0x2) @ LBA 0, 1 blocks, Unknown (sct 0x3 / sc 0x75) DNR 
 Write(0x1) @ LBA 0, 1 blocks, Write Fault (sct 0x2 / sc 0x80) DNR 
 Identify(0x6), Access Denied (sct 0x2 / sc 0x86) DNR cdw10=0x1 cdw11=0x0 cdw12=0x0 cdw13=0x0 cdw14=0x0 cdw15=0x0
 Read(0x2), Invalid Command Opcode (sct 0x0 / sc 0x1) DNR cdw10=0x0 cdw11=0x0 cdw12=0x1 cdw13=0x0 cdw14=0x0 cdw15=0x0
Test complete
