Running block/036
Return EIO for BLKRRPART on bad disk
Test complete
