Running md/001
disconnected 1 controller(s)
Test complete
